[0m20:24:54.248631 [debug] [MainThread]: Sending event: {'category': 'dbt', 'action': 'invocation', 'label': 'start', 'context': [<snowplow_tracker.self_describing_json.SelfDescribingJson object at 0x7f8de9368730>, <snowplow_tracker.self_describing_json.SelfDescribingJson object at 0x7f8de6bd7d60>, <snowplow_tracker.self_describing_json.SelfDescribingJson object at 0x7f8de6bd7f70>]}


============================== 20:24:54.254550 | 3a8d76fd-224d-4087-a1cc-7457bf85ca4c ==============================
[0m20:24:54.254550 [info ] [MainThread]: Running with dbt=1.8.7
[0m20:24:54.255999 [debug] [MainThread]: running dbt with arguments {'printer_width': '80', 'indirect_selection': 'eager', 'log_cache_events': 'False', 'write_json': 'True', 'partial_parse': 'True', 'cache_selected_only': 'False', 'profiles_dir': '/home/lc230/.dbt', 'fail_fast': 'False', 'version_check': 'True', 'log_path': 'logs', 'debug': 'False', 'warn_error': 'None', 'use_colors': 'True', 'use_experimental_parser': 'False', 'no_print': 'None', 'quiet': 'False', 'empty': 'None', 'warn_error_options': 'WarnErrorOptions(include=[], exclude=[])', 'static_parser': 'True', 'invocation_command': 'dbt init dbt_trial', 'log_format': 'default', 'target_path': 'None', 'introspect': 'True', 'send_anonymous_usage_stats': 'True'}
[0m20:24:54.277929 [warn ] [MainThread]: [ConfigFolderDirectory]: Unable to parse logging event dictionary. Failed to parse dir field: expected string or bytes-like object.. Dictionary: {'dir': PosixPath('/home/lc230/.dbt')}
[0m20:24:54.279303 [info ] [MainThread]: Creating dbt configuration folder at 
[0m20:24:54.283265 [debug] [MainThread]: Starter project path: /home/lc230/Documents/other_coding_projects/non_git_components/knowledge_acquisition/dbt_core_tutorial/venv/lib/python3.8/site-packages/dbt/include/starter_project
[0m20:24:54.289445 [info ] [MainThread]: 
Your new dbt project "dbt_trial" was created!

For more information on how to configure the profiles.yml file,
please consult the dbt documentation here:

  https://docs.getdbt.com/docs/configure-your-profile

One more thing:

Need help? Don't hesitate to reach out to us via GitHub issues or on Slack:

  https://community.getdbt.com/

Happy modeling!

[0m20:24:54.290381 [info ] [MainThread]: Setting up your profile.
[0m20:57:00.838536 [error] [MainThread]: Encountered an error:

[0m20:57:00.841580 [error] [MainThread]: Traceback (most recent call last):
  File "/home/lc230/Documents/other_coding_projects/non_git_components/knowledge_acquisition/dbt_core_tutorial/venv/lib/python3.8/site-packages/dbt/cli/requires.py", line 138, in wrapper
    result, success = func(*args, **kwargs)
  File "/home/lc230/Documents/other_coding_projects/non_git_components/knowledge_acquisition/dbt_core_tutorial/venv/lib/python3.8/site-packages/dbt/cli/requires.py", line 101, in wrapper
    return func(*args, **kwargs)
  File "/home/lc230/Documents/other_coding_projects/non_git_components/knowledge_acquisition/dbt_core_tutorial/venv/lib/python3.8/site-packages/dbt/cli/main.py", line 470, in init
    results = task.run()
  File "/home/lc230/Documents/other_coding_projects/non_git_components/knowledge_acquisition/dbt_core_tutorial/venv/lib/python3.8/site-packages/dbt/task/init.py", line 347, in run
    self.setup_profile(profile_name)
  File "/home/lc230/Documents/other_coding_projects/non_git_components/knowledge_acquisition/dbt_core_tutorial/venv/lib/python3.8/site-packages/dbt/task/init.py", line 262, in setup_profile
    adapter = self.ask_for_adapter_choice()
  File "/home/lc230/Documents/other_coding_projects/non_git_components/knowledge_acquisition/dbt_core_tutorial/venv/lib/python3.8/site-packages/dbt/task/init.py", line 243, in ask_for_adapter_choice
    numeric_choice = click.prompt(prompt_msg, type=click.INT)
  File "/home/lc230/Documents/other_coding_projects/non_git_components/knowledge_acquisition/dbt_core_tutorial/venv/lib/python3.8/site-packages/click/termui.py", line 164, in prompt
    value = prompt_func(prompt)
  File "/home/lc230/Documents/other_coding_projects/non_git_components/knowledge_acquisition/dbt_core_tutorial/venv/lib/python3.8/site-packages/click/termui.py", line 147, in prompt_func
    raise Abort() from None
click.exceptions.Abort

[0m20:57:00.849975 [debug] [MainThread]: Resource report: {"command_name": "init", "command_wall_clock_time": 1926.7102, "process_user_time": 1.661252, "process_kernel_time": 0.072054, "process_mem_max_rss": "82920", "process_in_blocks": "888", "process_out_blocks": "80", "command_success": false}
[0m20:57:00.850800 [debug] [MainThread]: Command `dbt init` failed at 20:57:00.850633 after 1926.71 seconds
[0m20:57:00.851448 [debug] [MainThread]: Sending event: {'category': 'dbt', 'action': 'invocation', 'label': 'end', 'context': [<snowplow_tracker.self_describing_json.SelfDescribingJson object at 0x7f8de9368730>, <snowplow_tracker.self_describing_json.SelfDescribingJson object at 0x7f8de6a7c0d0>, <snowplow_tracker.self_describing_json.SelfDescribingJson object at 0x7f8de6a8af70>]}
[0m20:57:00.852172 [debug] [MainThread]: Flushing usage events
[0m20:57:07.480317 [debug] [MainThread]: Sending event: {'category': 'dbt', 'action': 'invocation', 'label': 'start', 'context': [<snowplow_tracker.self_describing_json.SelfDescribingJson object at 0x7fa1c0c86700>, <snowplow_tracker.self_describing_json.SelfDescribingJson object at 0x7fa1be375520>, <snowplow_tracker.self_describing_json.SelfDescribingJson object at 0x7fa1be3753a0>]}


============================== 20:57:07.484291 | 798be444-14d1-4274-9df4-658ed43ad3f1 ==============================
[0m20:57:07.484291 [info ] [MainThread]: Running with dbt=1.8.7
[0m20:57:07.485428 [debug] [MainThread]: running dbt with arguments {'printer_width': '80', 'indirect_selection': 'eager', 'write_json': 'True', 'log_cache_events': 'False', 'partial_parse': 'True', 'cache_selected_only': 'False', 'profiles_dir': '/home/lc230/.dbt', 'version_check': 'True', 'warn_error': 'None', 'log_path': 'logs', 'debug': 'False', 'fail_fast': 'False', 'use_colors': 'True', 'use_experimental_parser': 'False', 'no_print': 'None', 'quiet': 'False', 'empty': 'None', 'warn_error_options': 'WarnErrorOptions(include=[], exclude=[])', 'introspect': 'True', 'log_format': 'default', 'invocation_command': 'dbt debug', 'target_path': 'None', 'static_parser': 'True', 'send_anonymous_usage_stats': 'True'}
[0m20:57:07.499705 [info ] [MainThread]: dbt version: 1.8.7
[0m20:57:07.500827 [info ] [MainThread]: python version: 3.8.10
[0m20:57:07.501748 [info ] [MainThread]: python path: /home/lc230/Documents/other_coding_projects/non_git_components/knowledge_acquisition/dbt_core_tutorial/venv/bin/python3
[0m20:57:07.502680 [info ] [MainThread]: os info: Linux-5.15.0-139-generic-x86_64-with-glibc2.29
[0m20:57:07.536094 [info ] [MainThread]: Using profiles dir at /home/lc230/.dbt
[0m20:57:07.536985 [info ] [MainThread]: Using profiles.yml file at /home/lc230/.dbt/profiles.yml
[0m20:57:07.537599 [info ] [MainThread]: Using dbt_project.yml file at /home/lc230/Documents/other_coding_projects/knowledge_acquisition/dbt_core_tutorial/dbt_project.yml
[0m20:57:07.538441 [info ] [MainThread]: adapter type: sqlite
[0m20:57:07.539032 [info ] [MainThread]: adapter version: 1.10.0
[0m20:57:07.539627 [info ] [MainThread]: Configuration:
[0m20:57:07.540190 [info ] [MainThread]:   profiles.yml file [[32mOK found and valid[0m]
[0m20:57:07.540783 [info ] [MainThread]:   dbt_project.yml file [[31mERROR not found[0m]
[0m20:57:07.541403 [info ] [MainThread]: Required dependencies:
[0m20:57:07.541965 [debug] [MainThread]: Executing "git --help"
[0m20:57:07.550994 [debug] [MainThread]: STDOUT: "b"usage: git [--version] [--help] [-C <path>] [-c <name>=<value>]\n           [--exec-path[=<path>]] [--html-path] [--man-path] [--info-path]\n           [-p | --paginate | -P | --no-pager] [--no-replace-objects] [--bare]\n           [--git-dir=<path>] [--work-tree=<path>] [--namespace=<name>]\n           <command> [<args>]\n\nThese are common Git commands used in various situations:\n\nstart a working area (see also: git help tutorial)\n   clone             Clone a repository into a new directory\n   init              Create an empty Git repository or reinitialize an existing one\n\nwork on the current change (see also: git help everyday)\n   add               Add file contents to the index\n   mv                Move or rename a file, a directory, or a symlink\n   restore           Restore working tree files\n   rm                Remove files from the working tree and from the index\n   sparse-checkout   Initialize and modify the sparse-checkout\n\nexamine the history and state (see also: git help revisions)\n   bisect            Use binary search to find the commit that introduced a bug\n   diff              Show changes between commits, commit and working tree, etc\n   grep              Print lines matching a pattern\n   log               Show commit logs\n   show              Show various types of objects\n   status            Show the working tree status\n\ngrow, mark and tweak your common history\n   branch            List, create, or delete branches\n   commit            Record changes to the repository\n   merge             Join two or more development histories together\n   rebase            Reapply commits on top of another base tip\n   reset             Reset current HEAD to the specified state\n   switch            Switch branches\n   tag               Create, list, delete or verify a tag object signed with GPG\n\ncollaborate (see also: git help workflows)\n   fetch             Download objects and refs from another repository\n   pull              Fetch from and integrate with another repository or a local branch\n   push              Update remote refs along with associated objects\n\n'git help -a' and 'git help -g' list available subcommands and some\nconcept guides. See 'git help <command>' or 'git help <concept>'\nto read about a specific subcommand or concept.\nSee 'git help git' for an overview of the system.\n""
[0m20:57:07.553038 [debug] [MainThread]: STDERR: "b''"
[0m20:57:07.554684 [info ] [MainThread]:  - git [[32mOK found[0m]

[0m20:57:07.556103 [info ] [MainThread]: Connection:
[0m20:57:07.557266 [info ] [MainThread]:   database: database
[0m20:57:07.558179 [info ] [MainThread]:   schema: main
[0m20:57:07.559107 [info ] [MainThread]:   schemas_and_paths: {'main': '/home/lc230/Documents/other_coding_projects/non_git_components/knowledge_acquisition/dbt_core_tutorial/sample_database/ecom.db'}
[0m20:57:07.560657 [info ] [MainThread]:   schema_directory: /home/lc230/Documents/other_coding_projects/non_git_components/knowledge_acquisition/dbt_core_tutorial/sample_database/
[0m20:57:07.562690 [info ] [MainThread]: Registered adapter: sqlite=1.10.0
[0m20:57:07.574117 [debug] [MainThread]: Acquiring new sqlite connection 'debug'
[0m20:57:07.617877 [debug] [MainThread]: Using sqlite connection "debug"
[0m20:57:07.618594 [debug] [MainThread]: On debug: select 1 as id
[0m20:57:07.619134 [debug] [MainThread]: Opening a new connection, currently in state init
[0m20:57:07.620709 [debug] [MainThread]: SQL status: OK in 0.001 seconds
[0m20:57:07.623365 [debug] [MainThread]: On debug: Close
[0m20:57:07.624936 [info ] [MainThread]:   Connection test: [[32mOK connection ok[0m]

[0m20:57:07.626311 [info ] [MainThread]: [31m1 check failed:[0m
[0m20:57:07.627540 [info ] [MainThread]: Project loading failed for the following reason:
 project path </home/lc230/Documents/other_coding_projects/knowledge_acquisition/dbt_core_tutorial/dbt_project.yml> not found

[0m20:57:07.630036 [debug] [MainThread]: Resource report: {"command_name": "debug", "command_wall_clock_time": 0.22976036, "process_user_time": 1.692204, "process_kernel_time": 0.115468, "process_mem_max_rss": "89384", "process_in_blocks": "48", "process_out_blocks": "16", "command_success": false}
[0m20:57:07.631688 [debug] [MainThread]: Command `dbt debug` failed at 20:57:07.631332 after 0.23 seconds
[0m20:57:07.632816 [debug] [MainThread]: Connection 'debug' was properly closed.
[0m20:57:07.633420 [debug] [MainThread]: Sending event: {'category': 'dbt', 'action': 'invocation', 'label': 'end', 'context': [<snowplow_tracker.self_describing_json.SelfDescribingJson object at 0x7fa1c0c86700>, <snowplow_tracker.self_describing_json.SelfDescribingJson object at 0x7fa1bfe08ca0>, <snowplow_tracker.self_describing_json.SelfDescribingJson object at 0x7fa1bfe08fd0>]}
[0m20:57:07.634105 [debug] [MainThread]: Flushing usage events
